#-----------------------------------------------------------
# Webtalk v2016.4 (64-bit)
# SW Build 1756540 on Mon Jan 23 19:11:23 MST 2017
# IP Build 1755317 on Mon Jan 23 20:30:07 MST 2017
# Start of session at: Tue Apr 18 11:54:59 2017
# Process ID: 3576
# Current directory: Z:/Cloud/Github/Personal/Artix7-LineDrawAlgorithm/lab6_aguilar_christian.sim/sim_1/behav
# Command line: wbtcv.exe -mode batch -source Z:/Cloud/Github/Personal/Artix7-LineDrawAlgorithm/lab6_aguilar_christian.sim/sim_1/behav/xsim.dir/testbench_behav/webtalk/xsim_webtalk.tcl -notrace
# Log file: Z:/Cloud/Github/Personal/Artix7-LineDrawAlgorithm/lab6_aguilar_christian.sim/sim_1/behav/webtalk.log
# Journal file: Z:/Cloud/Github/Personal/Artix7-LineDrawAlgorithm/lab6_aguilar_christian.sim/sim_1/behav\webtalk.jou
#-----------------------------------------------------------
source Z:/Cloud/Github/Personal/Artix7-LineDrawAlgorithm/lab6_aguilar_christian.sim/sim_1/behav/xsim.dir/testbench_behav/webtalk/xsim_webtalk.tcl -notrace
